2026-08-10 05:54:09.979: [INFO] CurrentProfilePath: D:\MCA_FSP_2\.metadata\.plugins\org.eclipse.swt\EBWebView\Default
2026-08-10 05:54:09.979: [INFO] Profiles total count: 1
2026-08-10 05:54:09.979: [INFO] Profile: name=Profile 1 path=D:\MCA_FSP_2\.metadata\.plugins\org.eclipse.swt\EBWebView\Default lastActive=null
2026-08-10 05:54:09.979: [INFO] LastUsedProfileDir: D:\MCA_FSP_2\.metadata\.plugins\org.eclipse.swt\EBWebView\Default
2026-08-10 05:54:09.979: [INFO] OnDoneLoading sync enabled: 0
2026-08-10 05:54:09.979: [INFO] BookmarkModelLoaded, ids_reassigned: 0
2026-08-10 05:54:09.979: [INFO] BookmarksLoadDropped droppedNodes=0
2026-08-10 05:54:09.979: [INFO] BookmarksSnapshot Startup total=0 bar=0 other=0 mobile=0 showBar=0 showBarNTP=1
2026-08-10 05:54:10.082: [INFO] BookmarksSnapshot Shutdown total=0 bar=0 other=0 mobile=0 showBar=0 showBarNTP=1
2026-08-10 06:02:18.539: [INFO] CurrentProfilePath: D:\MCA_FSP_2\.metadata\.plugins\org.eclipse.swt\EBWebView\Default
2026-08-10 06:02:18.539: [INFO] Profiles total count: 1
2026-08-10 06:02:18.539: [INFO] Profile: name=Profile 1 path=D:\MCA_FSP_2\.metadata\.plugins\org.eclipse.swt\EBWebView\Default lastActive=null
2026-08-10 06:02:18.539: [INFO] LastUsedProfileDir: D:\MCA_FSP_2\.metadata\.plugins\org.eclipse.swt\EBWebView\Default
2026-08-10 06:02:18.539: [INFO] OnDoneLoading sync enabled: 0
2026-08-10 06:02:18.539: [INFO] BookmarkModelLoaded, ids_reassigned: 0
2026-08-10 06:02:18.539: [INFO] BookmarksLoadDropped droppedNodes=0
2026-08-10 06:02:18.539: [INFO] BookmarksSnapshot Startup total=0 bar=0 other=0 mobile=0 showBar=0 showBarNTP=1
2026-08-11 15:27:04.908: [INFO] CurrentProfilePath: D:\MCA_FSP_2\.metadata\.plugins\org.eclipse.swt\EBWebView\Default
2026-08-11 15:27:04.908: [INFO] Profiles total count: 1
2026-08-11 15:27:04.909: [INFO] Profile: name=Profile 1 path=D:\MCA_FSP_2\.metadata\.plugins\org.eclipse.swt\EBWebView\Default lastActive=2026-08-10T08:03:57.458Z
2026-08-11 15:27:04.909: [INFO] LastUsedProfileDir: D:\MCA_FSP_2\.metadata\.plugins\org.eclipse.swt\EBWebView\Default
2026-08-11 15:27:04.909: [INFO] MostRecentlyActiveProfile: name=Profile 1 path=D:\MCA_FSP_2\.metadata\.plugins\org.eclipse.swt\EBWebView\Default lastActive=2026-08-10T08:03:57.458Z
2026-08-11 15:27:04.909: [INFO] OnDoneLoading sync enabled: 0
2026-08-11 15:27:04.909: [INFO] BookmarkModelLoaded, ids_reassigned: 0
2026-08-11 15:27:04.909: [INFO] BookmarksLoadDropped droppedNodes=0
2026-08-11 15:27:04.909: [INFO] BookmarksSnapshot Startup total=0 bar=0 other=0 mobile=0 showBar=0 showBarNTP=1
2026-08-11 15:39:36.162: [INFO] BookmarksSnapshot Shutdown total=0 bar=0 other=0 mobile=0 showBar=0 showBarNTP=1
2026-08-11 15:50:31.602: [INFO] CurrentProfilePath: D:\MCA_FSP_2\.metadata\.plugins\org.eclipse.swt\EBWebView\Default
2026-08-11 15:50:31.602: [INFO] Profiles total count: 1
2026-08-11 15:50:31.602: [INFO] Profile: name=Profile 1 path=D:\MCA_FSP_2\.metadata\.plugins\org.eclipse.swt\EBWebView\Default lastActive=2026-08-10T08:03:57.458Z
2026-08-11 15:50:31.602: [INFO] LastUsedProfileDir: D:\MCA_FSP_2\.metadata\.plugins\org.eclipse.swt\EBWebView\Default
2026-08-11 15:50:31.602: [INFO] MostRecentlyActiveProfile: name=Profile 1 path=D:\MCA_FSP_2\.metadata\.plugins\org.eclipse.swt\EBWebView\Default lastActive=2026-08-10T08:03:57.458Z
2026-08-11 15:50:31.602: [INFO] OnDoneLoading sync enabled: 0
2026-08-11 15:50:31.602: [INFO] BookmarkModelLoaded, ids_reassigned: 0
2026-08-11 15:50:31.602: [INFO] BookmarksLoadDropped droppedNodes=0
2026-08-11 15:50:31.602: [INFO] BookmarksSnapshot Startup total=0 bar=0 other=0 mobile=0 showBar=0 showBarNTP=1
2026-08-12 07:39:12.524: [INFO] BookmarksSnapshot Shutdown total=0 bar=0 other=0 mobile=0 showBar=0 showBarNTP=1
